core_cm4.h:2064:26:ITM_SendChar	16	static,ignoring_inline_asm
uart_interface.h:20:9:uart_getc	16	static
uart_interface.h:27:6:uart_putc	24	static
uart_interface.h:32:6:uart_puts	16	static
main.c:103:5:_write	32	static
main.c:110:6:WS2812_write_PA8	16	static,ignoring_inline_asm
main.c:219:6:WS2812_apply_color	16	static
main.c:229:13:WS2812_Applyment	16	static
main.c:246:13:PWM_Generation	24	static
main.c:292:13:PARSE_CAN_FRAME	16	static
main.c:320:12:CAN_Polling	8	static
main.c:362:13:CAN_Filter_Init	64	static
main.c:386:13:Timer_Start	8	static
main.c:398:13:GPIO_Start	8	static
main.c:421:5:main	120	static
main.c:510:6:SystemClock_Config	96	static
main.c:552:13:MX_CAN_Init	8	static
main.c:587:13:MX_TIM2_Init	64	static
main.c:654:13:MX_TIM3_Init	64	static
main.c:721:13:MX_USART1_UART_Init	8	static
main.c:754:13:MX_GPIO_Init	40	static
main.c:786:6:Error_Handler	4	static,ignoring_inline_asm
